// Jest Snapshot v1, https://goo.gl/fbAQLP

exports[`News renders correctly 1`] = `
<article
  className="newsItem"
>
  <h1
    className="newsTitle"
  >
    <a
      href="https://reactjsnews.com/fake-news"
    >
      Using Fake News
    </a>
  </h1>
  <div
    className="newsDesc"
    dangerouslySetInnerHTML={
      Object {
        "__html": "<h1>Some mock content with html </h1>",
      }
    }
  />
</article>
`;
