// Jest Snapshot v1, https://goo.gl/fbAQLP

exports[`AddDog renders correctly 1`] = `
<form
  className="root"
  onSubmit={[Function]}
>
  <label
    htmlFor="name"
  >
    Name
    :
    <input
      id="name"
      onChange={[Function]}
      type="text"
      value=""
    />
  </label>
  <label
    htmlFor="breed"
  >
    Breed
    :
    <input
      id="breed"
      onChange={[Function]}
      type="text"
      value=""
    />
  </label>
  <input
    type="submit"
    value="Submit"
  />
</form>
`;
